// Jest Snapshot v1, https://goo.gl/fbAQLP

exports[`42 1`] = `
<div>
  <p>
    No expense
  </p>
</div>
`;

exports[`should render ExpenseList with expenses 1`] = `
<div>
  <ExpenseListItem
    amount={195}
    createdAt={0}
    description="Gum1"
    id="1"
    key="1"
    note=""
  />
  <ExpenseListItem
    amount={109500}
    createdAt={-345600000}
    description="Rent2"
    id="2"
    key="2"
    note=""
  />
  <ExpenseListItem
    amount={4500}
    createdAt={345600000}
    description="Credit Card3"
    id="3"
    key="3"
    note=""
  />
</div>
`;
